ERROR 2026-02-09 23:44:45,195 log 21732 11368 Internal Server Error: /login/
Traceback (most recent call last):
  File "C:\Users\user\Desktop\e-WatchitUp\watchitup_env\Lib\site-packages\django\core\handlers\exception.py", line 55, in inner
    response = get_response(request)
  File "C:\Users\user\Desktop\e-WatchitUp\watchitup_env\Lib\site-packages\django\core\handlers\base.py", line 197, in _get_response
    response = wrapped_callback(request, *callback_args, **callback_kwargs)
  File "C:\Users\user\Desktop\e-WatchitUp\watchitup_env\Lib\site-packages\django\views\decorators\cache.py", line 80, in _view_wrapper
    response = view_func(request, *args, **kwargs)
  File "C:\Users\user\Desktop\e-WatchitUp\watchitup\users\views.py", line 263, in login_view
    return render(request, 'users/login.html', {'form': form})
  File "C:\Users\user\Desktop\e-WatchitUp\watchitup_env\Lib\site-packages\django\shortcuts.py", line 25, in render
    content = loader.render_to_string(template_name, context, request, using=using)
  File "C:\Users\user\Desktop\e-WatchitUp\watchitup_env\Lib\site-packages\django\template\loader.py", line 61, in render_to_string
    template = get_template(template_name, using=using)
  File "C:\Users\user\Desktop\e-WatchitUp\watchitup_env\Lib\site-packages\django\template\loader.py", line 19, in get_template
    raise TemplateDoesNotExist(template_name, chain=chain)
django.template.exceptions.TemplateDoesNotExist: users/login.html
ERROR 2026-02-09 23:44:45,202 basehttp 21732 11368 "GET /login/ HTTP/1.1" 500 97903
ERROR 2026-02-09 23:52:05,555 log 23720 8620 Internal Server Error: /login/
Traceback (most recent call last):
  File "C:\Users\user\Desktop\e-WatchitUp\watchitup_env\Lib\site-packages\django\core\handlers\exception.py", line 55, in inner
    response = get_response(request)
  File "C:\Users\user\Desktop\e-WatchitUp\watchitup_env\Lib\site-packages\django\core\handlers\base.py", line 197, in _get_response
    response = wrapped_callback(request, *callback_args, **callback_kwargs)
  File "C:\Users\user\Desktop\e-WatchitUp\watchitup_env\Lib\site-packages\django\views\decorators\cache.py", line 80, in _view_wrapper
    response = view_func(request, *args, **kwargs)
  File "C:\Users\user\Desktop\e-WatchitUp\watchitup\users\views.py", line 263, in login_view
    return render(request, 'users/login.html', {'form': form})
  File "C:\Users\user\Desktop\e-WatchitUp\watchitup_env\Lib\site-packages\django\shortcuts.py", line 25, in render
    content = loader.render_to_string(template_name, context, request, using=using)
  File "C:\Users\user\Desktop\e-WatchitUp\watchitup_env\Lib\site-packages\django\template\loader.py", line 61, in render_to_string
    template = get_template(template_name, using=using)
  File "C:\Users\user\Desktop\e-WatchitUp\watchitup_env\Lib\site-packages\django\template\loader.py", line 19, in get_template
    raise TemplateDoesNotExist(template_name, chain=chain)
django.template.exceptions.TemplateDoesNotExist: users/login.html
ERROR 2026-02-09 23:52:05,563 basehttp 23720 8620 "GET /login/ HTTP/1.1" 500 97903
ERROR 2026-02-09 23:52:12,215 log 23720 8620 Internal Server Error: /admin_panel/login/
Traceback (most recent call last):
  File "C:\Users\user\Desktop\e-WatchitUp\watchitup_env\Lib\site-packages\django\core\handlers\exception.py", line 55, in inner
    response = get_response(request)
  File "C:\Users\user\Desktop\e-WatchitUp\watchitup_env\Lib\site-packages\django\core\handlers\base.py", line 197, in _get_response
    response = wrapped_callback(request, *callback_args, **callback_kwargs)
  File "C:\Users\user\Desktop\e-WatchitUp\watchitup\admin_panel\views.py", line 72, in admin_login
    return render(request, "admin_panel/login.html", {"form": form})
  File "C:\Users\user\Desktop\e-WatchitUp\watchitup_env\Lib\site-packages\django\shortcuts.py", line 25, in render
    content = loader.render_to_string(template_name, context, request, using=using)
  File "C:\Users\user\Desktop\e-WatchitUp\watchitup_env\Lib\site-packages\django\template\loader.py", line 61, in render_to_string
    template = get_template(template_name, using=using)
  File "C:\Users\user\Desktop\e-WatchitUp\watchitup_env\Lib\site-packages\django\template\loader.py", line 19, in get_template
    raise TemplateDoesNotExist(template_name, chain=chain)
django.template.exceptions.TemplateDoesNotExist: admin_panel/login.html
ERROR 2026-02-09 23:52:12,220 basehttp 23720 8620 "GET /admin_panel/login/ HTTP/1.1" 500 94289
